[INFO] Scanning for projects...
[INFO] 
[INFO] ----------------------------< com.crm:crm >-----------------------------
[INFO] Building  0.0.1-SNAPSHOT
[INFO]   from pom.xml
[INFO] --------------------------------[ jar ]---------------------------------
[INFO] 
[INFO] >>> spring-boot:3.5.16:run (default-cli) > test-compile @ crm >>>
[INFO] 
[INFO] --- resources:3.3.1:resources (default-resources) @ crm ---
[INFO] Copying 1 resource from src\main\resources to target\classes
[INFO] Copying 0 resource from src\main\resources to target\classes
[INFO] 
[INFO] --- compiler:3.14.1:compile (default-compile) @ crm ---
[INFO] Nothing to compile - all classes are up to date.
[INFO] 
[INFO] --- resources:3.3.1:testResources (default-testResources) @ crm ---
[INFO] skip non existing resourceDirectory C:\Users\marya\crm\backend\src\test\resources
[INFO] 
[INFO] --- compiler:3.14.1:testCompile (default-testCompile) @ crm ---
[INFO] Nothing to compile - all classes are up to date.
[INFO] 
[INFO] <<< spring-boot:3.5.16:run (default-cli) < test-compile @ crm <<<
[INFO] 
[INFO] 
[INFO] --- spring-boot:3.5.16:run (default-cli) @ crm ---
[INFO] Attaching agents: []

  .   ____          _            __ _ _
 /\\ / ___'_ __ _ _(_)_ __  __ _ \ \ \ \
( ( )\___ | '_ | '_| | '_ \/ _` | \ \ \ \
 \\/  ___)| |_)| | | | | || (_| |  ) ) ) )
  '  |____| .__|_| |_|_| |_\__, | / / / /
 =========|_|==============|___/=/_/_/_/

 :: Spring Boot ::               (v3.5.16)

2026-07-22T20:19:42.323+02:00  INFO 21704 --- [crm] [           main] com.crm.CrmApplication                   : Starting CrmApplication using Java 21.0.11 with PID 21704 (C:\Users\marya\crm\backend\target\classes started by marya in C:\Users\marya\crm\backend)
2026-07-22T20:19:42.326+02:00  INFO 21704 --- [crm] [           main] com.crm.CrmApplication                   : No active profile set, falling back to 1 default profile: "default"
2026-07-22T20:19:43.018+02:00  INFO 21704 --- [crm] [           main] .s.d.r.c.RepositoryConfigurationDelegate : Bootstrapping Spring Data JPA repositories in DEFAULT mode.
2026-07-22T20:19:43.083+02:00  INFO 21704 --- [crm] [           main] .s.d.r.c.RepositoryConfigurationDelegate : Finished Spring Data repository scanning in 57 ms. Found 4 JPA repository interfaces.
2026-07-22T20:19:43.545+02:00  INFO 21704 --- [crm] [           main] o.s.b.w.embedded.tomcat.TomcatWebServer  : Tomcat initialized with port 8081 (http)
2026-07-22T20:19:43.559+02:00  INFO 21704 --- [crm] [           main] o.apache.catalina.core.StandardService   : Starting service [Tomcat]
2026-07-22T20:19:43.560+02:00  INFO 21704 --- [crm] [           main] o.apache.catalina.core.StandardEngine    : Starting Servlet engine: [Apache Tomcat/10.1.55]
2026-07-22T20:19:43.622+02:00  INFO 21704 --- [crm] [           main] o.a.c.c.C.[Tomcat].[localhost].[/]       : Initializing Spring embedded WebApplicationContext
2026-07-22T20:19:43.623+02:00  INFO 21704 --- [crm] [           main] w.s.c.ServletWebServerApplicationContext : Root WebApplicationContext: initialization completed in 1257 ms
2026-07-22T20:19:43.742+02:00  INFO 21704 --- [crm] [           main] o.hibernate.jpa.internal.util.LogHelper  : HHH000204: Processing PersistenceUnitInfo [name: default]
2026-07-22T20:19:43.786+02:00  INFO 21704 --- [crm] [           main] org.hibernate.Version                    : HHH000412: Hibernate ORM core version 6.6.53.Final
2026-07-22T20:19:43.813+02:00  INFO 21704 --- [crm] [           main] o.h.c.internal.RegionFactoryInitiator    : HHH000026: Second-level cache disabled
2026-07-22T20:19:44.047+02:00  INFO 21704 --- [crm] [           main] o.s.o.j.p.SpringPersistenceUnitInfo      : No LoadTimeWeaver setup: ignoring JPA class transformer
2026-07-22T20:19:44.073+02:00  INFO 21704 --- [crm] [           main] com.zaxxer.hikari.HikariDataSource       : HikariPool-1 - Starting...
2026-07-22T20:19:44.233+02:00  INFO 21704 --- [crm] [           main] com.zaxxer.hikari.pool.HikariPool        : HikariPool-1 - Added connection com.mysql.cj.jdbc.ConnectionImpl@71a2df1
2026-07-22T20:19:44.235+02:00  INFO 21704 --- [crm] [           main] com.zaxxer.hikari.HikariDataSource       : HikariPool-1 - Start completed.
2026-07-22T20:19:44.279+02:00  WARN 21704 --- [crm] [           main] org.hibernate.orm.deprecation            : HHH90000025: MySQLDialect does not need to be specified explicitly using 'hibernate.dialect' (remove the property setting and it will be selected by default)
2026-07-22T20:19:44.294+02:00  INFO 21704 --- [crm] [           main] org.hibernate.orm.connections.pooling    : HHH10001005: Database info:
	Database JDBC URL [Connecting through datasource 'HikariDataSource (HikariPool-1)']
	Database driver: undefined/unknown
	Database version: 8.0.46
	Autocommit mode: undefined/unknown
	Isolation level: undefined/unknown
	Minimum pool size: undefined/unknown
	Maximum pool size: undefined/unknown
2026-07-22T20:19:45.141+02:00  INFO 21704 --- [crm] [           main] o.h.e.t.j.p.i.JtaPlatformInitiator       : HHH000489: No JTA platform available (set 'hibernate.transaction.jta.platform' to enable JTA platform integration)
Hibernate: 
    alter table roles 
       modify column role_type enum ('ADMIN','CLIENT','EMPLOYEE','SUPER_ADMIN') not null
2026-07-22T20:19:45.237+02:00  INFO 21704 --- [crm] [           main] j.LocalContainerEntityManagerFactoryBean : Initialized JPA EntityManagerFactory for persistence unit 'default'
2026-07-22T20:19:45.617+02:00  INFO 21704 --- [crm] [           main] eAuthenticationProviderManagerConfigurer : Global AuthenticationManager configured with AuthenticationProvider bean with name authenticationProvider
2026-07-22T20:19:45.618+02:00  WARN 21704 --- [crm] [           main] r$InitializeUserDetailsManagerConfigurer : Global AuthenticationManager configured with an AuthenticationProvider bean. UserDetailsService beans will not be used by Spring Security for automatically configuring username/password login. Consider removing the AuthenticationProvider bean. Alternatively, consider using the UserDetailsService in a manually instantiated DaoAuthenticationProvider. If the current configuration is intentional, to turn off this warning, increase the logging level of 'org.springframework.security.config.annotation.authentication.configuration.InitializeUserDetailsBeanManagerConfigurer' to ERROR
2026-07-22T20:19:45.773+02:00  WARN 21704 --- [crm] [           main] JpaBaseConfiguration$JpaWebConfiguration : spring.jpa.open-in-view is enabled by default. Therefore, database queries may be performed during view rendering. Explicitly configure spring.jpa.open-in-view to disable this warning
2026-07-22T20:19:46.187+02:00  INFO 21704 --- [crm] [           main] o.s.b.w.embedded.tomcat.TomcatWebServer  : Tomcat started on port 8081 (http) with context path '/'
2026-07-22T20:19:46.194+02:00  INFO 21704 --- [crm] [           main] com.crm.CrmApplication                   : Started CrmApplication in 4.277 seconds (process running for 4.594)
Hibernate: 
    select
        r1_0.id 
    from
        roles r1_0 
    where
        r1_0.role_type=? 
    limit
        ?
Hibernate: 
    select
        r1_0.id 
    from
        roles r1_0 
    where
        r1_0.role_type=? 
    limit
        ?
Hibernate: 
    select
        r1_0.id 
    from
        roles r1_0 
    where
        r1_0.role_type=? 
    limit
        ?
Hibernate: 
    select
        r1_0.id 
    from
        roles r1_0 
    where
        r1_0.role_type=? 
    limit
        ?
